// Jest Snapshot v1, https://goo.gl/fbAQLP

exports[`<StandMarker> renders correctly 1`] = `
<View
  style={
    Object {
      "alignSelf": "flex-start",
      "flexDirection": "column",
    }
  }
>
  <View
    style={
      Object {
        "alignSelf": "flex-start",
        "backgroundColor": "#FF5A5F",
        "borderColor": "#D23F44",
        "borderRadius": 3,
        "borderWidth": 0.5,
        "flex": 0,
        "flexDirection": "row",
        "padding": 2,
      }
    }
  >
    <Text
      accessible={true}
      allowFontScaling={true}
      ellipsizeMode="tail"
      style={
        Array [
          Object {
            "color": "#FFFFFF",
            "fontSize": 13,
          },
          Object {
            "fontSize": 8,
          },
        ]
      }
    >
      Test
    </Text>
  </View>
  <View
    style={
      Object {
        "alignSelf": "center",
        "backgroundColor": "transparent",
        "borderColor": "transparent",
        "borderTopColor": "#D23F44",
        "borderWidth": 4,
        "marginTop": -0.5,
      }
    }
  />
  <View
    style={
      Object {
        "alignSelf": "center",
        "backgroundColor": "transparent",
        "borderColor": "transparent",
        "borderTopColor": "#FF5A5F",
        "borderWidth": 4,
        "marginTop": -9,
      }
    }
  />
</View>
`;
